// Jest Snapshot v1, https://goo.gl/fbAQLP

exports[`<Header/> should render component 1`] = `
<div>
  <div
    class="container"
  >
    <h1>
      Expense Tracker
    </h1>
  </div>
</div>
`;
