// Jest Snapshot v1, https://goo.gl/fbAQLP

exports[`<FormLabel/> should render component 1`] = `
<div>
  <label
    class="container"
  />
</div>
`;
